I'm sorry, but errors were detected in your script. Please correct the
errors listed below, and try again.


File "game/script.rpy", line 396: end of line expected.
    with disso,lve
              ^

Ren'Py Version: Ren'Py 8.4.1.25072401
Sun Mar 22 09:46:51 2026
